============================= test session starts ==============================
platform darwin -- Python 3.9.6, pytest-8.4.2, pluggy-1.6.0 -- /Library/Developer/CommandLineTools/usr/bin/python3
cachedir: .pytest_cache
rootdir: /Users/macbookprom1/mekong-cli
configfile: pyproject.toml
plugins: asyncio-1.2.0, anyio-4.11.0, cov-7.0.0
asyncio: mode=strict, debug=False, asyncio_default_fixture_loop_scope=None, asyncio_default_test_loop_scope=function
collecting ... collected 379 items

tests/integration/test_api_crm.py::test_get_crm_summary_success PASSED   [  0%]
tests/integration/test_api_crm.py::test_get_crm_deals PASSED             [  0%]
tests/integration/test_api_crm.py::test_get_crm_contacts PASSED          [  0%]
tests/integration/test_api_crm.py::test_get_crm_unavailable PASSED       [  1%]
tests/integration/test_api_franchise.py::test_get_franchise_stats PASSED [  1%]
tests/integration/test_api_franchise.py::test_get_hq_revenue PASSED      [  1%]
tests/integration/test_api_franchise.py::test_get_territories PASSED     [  1%]
tests/integration/test_api_franchise.py::test_get_franchisees PASSED     [  2%]
tests/integration/test_api_franchise.py::test_franchise_unavailable PASSED [  2%]
tests/integration/test_api_monitor.py::test_get_monitor_status_success PASSED [  2%]
tests/integration/test_api_monitor.py::test_get_monitor_status_with_anomalies PASSED [  2%]
tests/integration/test_api_monitor.py::test_get_monitor_status_error PASSED [  3%]
tests/integration/test_refactored.py::test_ai_wingman PASSED             [  3%]
tests/integration/test_refactored.py::test_client_portal PASSED          [  3%]
tests/integration/test_refactored.py::test_analytics PASSED              [  3%]
tests/integration/test_services.py::test_service_imports PASSED          [  4%]
tests/integration/test_services.py::test_repository_imports PASSED       [  4%]
tests/integration/test_services.py::test_presenter_imports PASSED        [  4%]
tests/integration/test_services.py::test_basic_functionality PASSED      [  5%]
tests/regression/test_golden_agents.py::TestRevenueCalculations::test_basic_profit_calculation PASSED [  5%]
tests/regression/test_golden_agents.py::TestRevenueCalculations::test_zero_expenses PASSED [  5%]
tests/regression/test_golden_agents.py::TestRevenueCalculations::test_loss_scenario PASSED [  5%]
tests/regression/test_golden_agents.py::TestLeadScoring::test_high_value_tech_lead PASSED [  6%]
tests/regression/test_golden_agents.py::TestLeadScoring::test_low_budget_lead PASSED [  6%]
tests/regression/test_golden_agents.py::TestContentVirality::test_high_virality_keywords PASSED [  6%]
tests/test_ab_testing.py::TestModuleImports::test_legacy_import_path PASSED [  6%]
tests/test_ab_testing.py::TestModuleImports::test_modular_import_path PASSED [  7%]
tests/test_ab_testing.py::TestModuleImports::test_import_paths_resolve_to_same_objects PASSED [  7%]
tests/test_ab_testing.py::TestEnums::test_test_result_enum_values PASSED [  7%]
tests/test_ab_testing.py::TestEnums::test_allocation_strategy_enum_values PASSED [  7%]
tests/test_ab_testing.py::TestModels::test_ab_variant_creation PASSED    [  8%]
tests/test_ab_testing.py::TestModels::test_statistical_test_creation PASSED [  8%]
tests/test_ab_testing.py::TestABTestEngine::test_engine_initialization PASSED [  8%]
tests/test_ab_testing.py::TestABTestEngine::test_create_multivariate_test PASSED [  8%]
tests/test_ab_testing.py::TestABTestEngine::test_update_test_metrics_conversion PASSED [  9%]
tests/test_ab_testing.py::TestABTestEngine::test_update_test_metrics_no_conversion PASSED [  9%]
tests/test_ab_testing.py::TestABTestEngine::test_update_nonexistent_test_no_error PASSED [  9%]
tests/test_ab_testing.py::TestABTestEngine::test_get_test_analytics_active_test PASSED [ 10%]
tests/test_ab_testing.py::TestABTestEngine::test_get_test_analytics_not_found PASSED [ 10%]
tests/test_ab_testing.py::TestABTestEngine::test_get_active_tests_summary PASSED [ 10%]
tests/test_ab_testing.py::TestConvenienceFunctions::test_create_multivariate_test_function PASSED [ 10%]
tests/test_ab_testing.py::TestConvenienceFunctions::test_update_test_metrics_function PASSED [ 11%]
tests/test_ab_testing.py::TestConvenienceFunctions::test_get_test_analytics_function PASSED [ 11%]
tests/test_ab_testing.py::TestConvenienceFunctions::test_get_active_tests_summary_function PASSED [ 11%]
tests/test_ab_testing.py::TestIntegration::test_complete_ab_test_workflow PASSED [ 11%]
tests/test_ab_testing.py::TestIntegration::test_multiple_concurrent_tests PASSED [ 12%]
tests/test_agency_dna.py::TestAgencyDNA::test_service_initialization PASSED [ 12%]
tests/test_agency_dna.py::TestAgencyDNA::test_agency_dna_tagline PASSED  [ 12%]
tests/test_agency_dna.py::TestAgencyDNA::test_add_service PASSED         [ 12%]
tests/test_agency_dna.py::TestAgencyDNA::test_to_dict PASSED             [ 13%]
tests/test_agent_chains.py::TestAgentChains::test_inventory_structure PASSED [ 13%]
tests/test_agent_chains.py::TestAgentChains::test_chains_structure PASSED [ 13%]
tests/test_agent_chains.py::TestAgentChains::test_get_chain PASSED       [ 13%]
tests/test_agent_chains.py::TestAgentChains::test_get_chain_summary PASSED [ 14%]
tests/test_agent_crews.py::TestAgentCrews::test_crew_definitions PASSED  [ 14%]
tests/test_agent_crews.py::TestAgentCrews::test_get_crew PASSED          [ 14%]
tests/test_agent_crews.py::TestAgentCrews::test_get_crew_summary PASSED  [ 15%]
tests/test_agent_crews.py::TestAgentCrews::test_run_crew_simulation PASSED [ 15%]
tests/test_agent_memory.py::TestAgentMemory::test_remember_and_recall PASSED [ 15%]
tests/test_agent_memory.py::TestAgentMemory::test_pattern_learning PASSED [ 15%]
tests/test_agent_memory.py::TestAgentMemory::test_persistence PASSED     [ 16%]
tests/test_agent_orchestrator.py::TestAgentOrchestrator::test_run_valid_chain PASSED [ 16%]
tests/test_agent_orchestrator.py::TestAgentOrchestrator::test_run_invalid_chain PASSED [ 16%]
tests/test_agent_orchestrator.py::TestAgentOrchestrator::test_orchestrator_stats PASSED [ 16%]
tests/test_agent_swarm.py::test_agent_registration PASSED                [ 17%]
tests/test_agent_swarm.py::test_task_submission PASSED                   [ 17%]
tests/test_agent_swarm.py::test_task_execution PASSED                    [ 17%]
tests/test_agent_swarm.py::test_priority_scheduling PASSED               [ 17%]
tests/test_algorithm_core.py::test_initialization PASSED                 [ 18%]
tests/test_algorithm_core.py::test_calculate_optimized_price_defaults PASSED [ 18%]
tests/test_algorithm_core.py::test_calculate_traditional_viral PASSED    [ 18%]
tests/test_algorithm_core.py::test_calculate_penetration_pricing PASSED  [ 18%]
tests/test_algorithm_core.py::test_track_conversion PASSED               [ 19%]
tests/test_algorithm_core.py::test_analytics_integration PASSED          [ 19%]
tests/test_autonomous_mode.py::TestAutonomousOrchestrator::test_set_goal_and_planning PASSED [ 19%]
tests/test_autonomous_mode.py::TestAutonomousOrchestrator::test_execute_simulation PASSED [ 20%]
tests/test_autonomous_mode.py::TestAutonomousOrchestrator::test_status_tracking PASSED [ 20%]
tests/test_base.py::TestBase::test_base_model_serialization PASSED       [ 20%]
tests/test_base.py::TestBase::test_base_engine_storage PASSED            [ 20%]
tests/test_cashflow_engine.py::TestCashflowEngine::test_add_revenue PASSED [ 21%]
tests/test_cashflow_engine.py::TestCashflowEngine::test_currency_conversion PASSED [ 21%]
tests/test_cashflow_engine.py::TestCashflowEngine::test_required_growth PASSED [ 21%]
tests/test_checkpointing.py::TestCheckpointing::test_save_and_list PASSED [ 21%]
tests/test_checkpointing.py::TestCheckpointing::test_restore PASSED      [ 22%]
tests/test_checkpointing.py::TestCheckpointing::test_delete PASSED       [ 22%]
tests/test_checkpointing.py::TestCheckpointing::test_persistence PASSED  [ 22%]
tests/test_client_magnet.py::TestClientMagnet::test_add_lead PASSED      [ 22%]
tests/test_client_magnet.py::TestClientMagnet::test_qualify_lead PASSED  [ 23%]
tests/test_client_magnet.py::TestClientMagnet::test_convert_client PASSED [ 23%]
tests/test_client_magnet.py::TestClientMagnet::test_pipeline_stats PASSED [ 23%]
tests/test_code_guardian.py::test_security_scanning PASSED               [ 24%]
tests/test_code_guardian.py::test_performance_monitoring PASSED          [ 24%]
tests/test_code_guardian.py::test_rollback_points PASSED                 [ 24%]
tests/test_code_guardian.py::test_guarded_decorator PASSED               [ 24%]
tests/test_coding_level.py::TestCodingLevel::test_levels_configuration PASSED [ 25%]
tests/test_coding_level.py::TestCodingLevel::test_set_get_level PASSED   [ 25%]
tests/test_coding_level.py::TestCodingLevel::test_invalid_level PASSED   [ 25%]
tests/test_coding_level.py::TestCodingLevel::test_get_level_prompt PASSED [ 25%]
tests/test_coding_level.py::TestCodingLevel::test_load_level_style PASSED [ 26%]
tests/test_config.py::TestConfig::test_currency_enums PASSED             [ 26%]
tests/test_config.py::TestConfig::test_pricing_tiers PASSED              [ 26%]
tests/test_config.py::TestConfig::test_conversion_helpers PASSED         [ 26%]
tests/test_content_factory.py::TestContentFactory::test_generate_ideas PASSED [ 27%]
tests/test_content_factory.py::TestContentFactory::test_create_post PASSED [ 27%]
tests/test_content_factory.py::TestContentFactory::test_calendar_generation PASSED [ 27%]
tests/test_contract_gen.py::test_contract_template_model PASSED          [ 27%]
tests/test_contract_gen.py::test_generate_markdown_content PASSED        [ 28%]
tests/test_contract_gen.py::test_loader PASSED                           [ 28%]
tests/test_core_modules.py::TestCRM::test_crm_initialization FAILED      [ 28%]
tests/test_core_modules.py::TestCRM::test_crm_add_contact FAILED         [ 29%]
tests/test_core_modules.py::TestCRM::test_crm_get_hot_leads FAILED       [ 29%]
tests/test_core_modules.py::TestCRM::test_crm_forecast_revenue FAILED    [ 29%]
tests/test_core_modules.py::TestCRM::test_crm_get_summary FAILED         [ 29%]
tests/test_core_modules.py::TestCRMPresenter::test_format_pipeline_text FAILED [ 30%]
tests/test_core_modules.py::TestAnalytics::test_analytics_initialization PASSED [ 30%]
tests/test_data_moat.py::TestDataMoat::test_record_success PASSED        [ 30%]
tests/test_data_moat.py::TestDataMoat::test_add_insight PASSED           [ 30%]
tests/test_data_moat.py::TestDataMoat::test_get_best_practices PASSED    [ 31%]
tests/test_data_moat.py::TestDataMoat::test_get_moat_strength PASSED     [ 31%]
tests/test_distributed_queue.py::test_job_defaults PASSED                [ 31%]
tests/test_distributed_queue.py::test_job_serialization PASSED           [ 31%]
tests/test_distributed_queue.py::test_memory_submit_and_get PASSED       [ 32%]
tests/test_distributed_queue.py::test_memory_priority PASSED             [ 32%]
tests/test_distributed_queue.py::test_memory_completion PASSED           [ 32%]
tests/test_distributed_queue.py::test_manager_fallback PASSED            [ 32%]
tests/test_distributed_queue.py::test_manager_no_fallback PASSED         [ 33%]
tests/test_distributed_queue.py::test_manager_flow PASSED                [ 33%]
tests/test_distributed_queue.py::test_manager_retry_flow PASSED          [ 33%]
tests/test_distributed_queue.py::test_facade_methods PASSED              [ 34%]
tests/test_distributed_queue.py::test_facade_legacy_completion PASSED    [ 34%]
tests/test_errors.py::TestErrors::test_base_error PASSED                 [ 34%]
tests/test_errors.py::TestErrors::test_validation_error PASSED           [ 34%]
tests/test_errors.py::TestErrors::test_win3_error PASSED                 [ 35%]
tests/test_ez_pr.py::TestEzPR::test_help_command PASSED                  [ 35%]
tests/test_ez_pr.py::TestEzPR::test_check_empty PASSED                   [ 35%]
tests/test_ez_pr.py::TestEzPR::test_check_with_prs PASSED                [ 35%]
tests/test_franchise_manager.py::TestFranchiseManager::test_add_franchisee PASSED [ 36%]
tests/test_franchise_manager.py::TestFranchiseManager::test_record_revenue PASSED [ 36%]
tests/test_franchise_manager.py::TestFranchiseManager::test_get_network_stats PASSED [ 36%]
tests/test_headless.py::TestHeadless::test_prompt_execution PASSED       [ 36%]
tests/test_headless.py::TestHeadless::test_slash_command_routing PASSED  [ 37%]
tests/test_headless.py::TestHeadless::test_json_output_format PASSED     [ 37%]
tests/test_hooks_manager.py::TestHooksManager::test_hook_structure PASSED [ 37%]
tests/test_hooks_manager.py::TestHooksManager::test_hooks_for_suite PASSED [ 37%]
tests/test_hooks_manager.py::TestHooksManager::test_privacy_block PASSED [ 38%]
tests/test_hooks_manager.py::TestHooksManager::test_win3_gate PASSED     [ 38%]
tests/test_infrastructure.py::TestInfrastructure::test_stack_initialization PASSED [ 38%]
tests/test_infrastructure.py::TestInfrastructure::test_health_score PASSED [ 39%]
tests/test_infrastructure.py::TestInfrastructure::test_layer_update PASSED [ 39%]
tests/test_jules_integration.py::TestJulesIntegration::test_run_jules_task_dry_run PASSED [ 39%]
tests/test_jules_integration.py::TestJulesIntegration::test_run_jules_task_success PASSED [ 39%]
tests/test_jules_integration.py::TestJulesIntegration::test_run_jules_task_unknown PASSED [ 40%]
tests/test_jules_integration.py::TestJulesIntegration::test_run_weekly_tasks_monday PASSED [ 40%]
tests/test_jules_runner.py::TestJulesRunner::test_task_registry PASSED   [ 40%]
tests/test_jules_runner.py::TestJulesRunner::test_run_task_dry PASSED    [ 40%]
tests/test_jules_runner.py::TestJulesRunner::test_invalid_task PASSED    [ 41%]
tests/test_loyalty_rewards.py::TestLoyaltyRewards::test_tier_progression PASSED [ 41%]
tests/test_loyalty_rewards.py::TestLoyaltyRewards::test_savings_calculation PASSED [ 41%]
tests/test_loyalty_rewards.py::TestLoyaltyRewards::test_next_tier_info PASSED [ 41%]
tests/test_master_dashboard.py::TestMasterDashboard::test_summary_aggregation PASSED [ 42%]
tests/test_master_dashboard.py::TestMasterDashboard::test_platform_score PASSED [ 42%]
tests/test_ml_optimizer.py::TestMLOptimizerFacadeImports::test_main_class_import PASSED [ 42%]
tests/test_ml_optimizer.py::TestMLOptimizerFacadeImports::test_global_instance_import PASSED [ 43%]
tests/test_ml_optimizer.py::TestMLOptimizerFacadeImports::test_convenience_functions_import PASSED [ 43%]
tests/test_ml_optimizer.py::TestMLOptimizerFacadeImports::test_dataclasses_import PASSED [ 43%]
tests/test_ml_optimizer.py::TestMLOptimizerFacadeImports::test_availability_flags_import PASSED [ 43%]
tests/test_ml_optimizer.py::TestMLOptimizerFacadeImports::test_direct_ml_module_import PASSED [ 44%]
tests/test_ml_optimizer.py::TestMLOptimizerInstantiation::test_instantiation_succeeds PASSED [ 44%]
tests/test_ml_optimizer.py::TestMLOptimizerInstantiation::test_has_models_attribute PASSED [ 44%]
tests/test_ml_optimizer.py::TestMLOptimizerInstantiation::test_has_game_changing_metrics PASSED [ 44%]
tests/test_ml_optimizer.py::TestMLOptimizerInstantiation::test_has_core_methods PASSED [ 45%]
tests/test_ml_optimizer.py::TestMLOptimizerCoreMethods::test_calculate_ai_optimized_price_returns_result PASSED [ 45%]
tests/test_ml_optimizer.py::TestMLOptimizerCoreMethods::test_optimal_price_is_positive PASSED [ 45%]
tests/test_ml_optimizer.py::TestMLOptimizerCoreMethods::test_confidence_score_in_valid_range PASSED [ 45%]
tests/test_ml_optimizer.py::TestMLOptimizerCoreMethods::test_strategy_used_is_string PASSED [ 46%]
tests/test_ml_optimizer.py::TestMLOptimizerCoreMethods::test_optimization_features_is_list PASSED [ 46%]
tests/test_ml_optimizer.py::TestMLOptimizerGlobalInstance::test_global_instance_is_mloptimizer PASSED [ 46%]
tests/test_ml_optimizer.py::TestMLOptimizerGlobalInstance::test_get_game_changing_analytics_returns_dict PASSED [ 46%]
tests/test_ml_optimizer.py::TestMLOptimizerGlobalInstance::test_analytics_has_required_keys PASSED [ 47%]
tests/test_ml_optimizer.py::TestMLOptimizerGlobalInstance::test_convenience_function_calculate_price PASSED [ 47%]
tests/test_ml_optimizer.py::TestMLOptimizerMissingDependencies::test_works_without_sklearn PASSED [ 47%]
tests/test_ml_optimizer.py::TestMLOptimizerMissingDependencies::test_fallback_strategy_when_no_ml PASSED [ 48%]
tests/test_ml_optimizer.py::TestMLOptimizerEnums::test_pricing_mode_values PASSED [ 48%]
tests/test_ml_optimizer.py::TestMLOptimizerEnums::test_game_changing_feature_values PASSED [ 48%]
tests/test_ml_optimizer.py::TestMLOptimizerUpdateMetrics::test_update_game_changing_metrics_viral PASSED [ 48%]
tests/test_ml_optimizer.py::TestMLOptimizerUpdateMetrics::test_update_game_changing_metrics_quantum PASSED [ 49%]
tests/test_ml_optimizer.py::TestMLOptimizerUpdateMetrics::test_update_increments_total_predictions PASSED [ 49%]
tests/test_moat_engine.py::test_initialization PASSED                    [ 49%]
tests/test_moat_engine.py::test_add_data_point PASSED                    [ 49%]
tests/test_moat_engine.py::test_record_learning PASSED                   [ 50%]
tests/test_moat_engine.py::test_add_workflow PASSED                      [ 50%]
tests/test_moat_engine.py::test_calculate_switching_cost PASSED          [ 50%]
tests/test_moat_engine.py::test_persistence PASSED                       [ 50%]
tests/test_moat_engine.py::test_global_instance PASSED                   [ 51%]
tests/test_money_maker.py::TestMoneyMaker::test_generate_quote PASSED    [ 51%]
tests/test_money_maker.py::TestMoneyMaker::test_validate_win3 PASSED     [ 51%]
tests/test_money_maker.py::TestMoneyMaker::test_auto_qualify PASSED      [ 51%]
tests/test_opentelemetry.py::TestTracerConfig::test_default_values PASSED [ 52%]
tests/test_opentelemetry.py::TestTracerConfig::test_custom_values PASSED [ 52%]
tests/test_opentelemetry.py::TestExporterConfig::test_required_endpoint PASSED [ 52%]
tests/test_opentelemetry.py::TestExporterConfig::test_custom_headers PASSED [ 53%]
tests/test_opentelemetry.py::TestAgentConfig::test_agent_config_creation PASSED [ 53%]
tests/test_opentelemetry.py::TestTraceId::test_auto_generated_trace_id PASSED [ 53%]
tests/test_opentelemetry.py::TestTraceId::test_with_parent_id PASSED     [ 53%]
tests/test_opentelemetry.py::TestTraceId::test_to_dict PASSED            [ 54%]
tests/test_opentelemetry.py::TestTraceId::test_str_representation PASSED [ 54%]
tests/test_opentelemetry.py::TestSpanKind::test_span_kinds PASSED        [ 54%]
tests/test_opentelemetry.py::TestSpanStatus::test_span_statuses PASSED   [ 54%]
tests/test_opentelemetry.py::TestEvent::test_event_creation PASSED       [ 55%]
tests/test_opentelemetry.py::TestEvent::test_event_with_attributes PASSED [ 55%]
tests/test_opentelemetry.py::TestEvent::test_event_to_dict PASSED        [ 55%]
tests/test_opentelemetry.py::TestMetric::test_metric_creation PASSED     [ 55%]
tests/test_opentelemetry.py::TestMetric::test_metric_to_dict PASSED      [ 56%]
tests/test_opentelemetry.py::TestSpan::test_span_creation PASSED         [ 56%]
tests/test_opentelemetry.py::TestSpan::test_span_start PASSED            [ 56%]
tests/test_opentelemetry.py::TestSpan::test_span_finish PASSED           [ 56%]
tests/test_opentelemetry.py::TestSpan::test_span_finish_with_error PASSED [ 57%]
tests/test_opentelemetry.py::TestSpan::test_span_add_event PASSED        [ 57%]
tests/test_opentelemetry.py::TestSpan::test_span_add_tag PASSED          [ 57%]
tests/test_opentelemetry.py::TestSpan::test_span_add_attribute PASSED    [ 58%]
tests/test_opentelemetry.py::TestSpan::test_span_set_parent PASSED       [ 58%]
tests/test_opentelemetry.py::TestSpan::test_span_get_duration PASSED     [ 58%]
tests/test_opentelemetry.py::TestSpan::test_span_to_dict PASSED          [ 58%]
tests/test_opentelemetry.py::TestTracingAgent::test_agent_creation PASSED [ 59%]
tests/test_opentelemetry.py::TestTracingAgent::test_is_critical_operation PASSED [ 59%]
tests/test_opentelemetry.py::TestTracingAgent::test_is_supported_operation PASSED [ 59%]
tests/test_opentelemetry.py::TestTracingAgent::test_record_operation PASSED [ 59%]
tests/test_opentelemetry.py::TestTracingAgent::test_register_and_unregister_span PASSED [ 60%]
tests/test_opentelemetry.py::TestTracingAgent::test_get_health_status PASSED [ 60%]
tests/test_opentelemetry.py::TestTracingAgent::test_activate_deactivate PASSED [ 60%]
tests/test_opentelemetry.py::TestTracingAgent::test_shutdown PASSED      [ 60%]
tests/test_opentelemetry.py::TestTracingAgent::test_to_dict PASSED       [ 61%]
tests/test_opentelemetry.py::TestDistributedTracer::test_tracer_initialization_without_background_processors PASSED [ 61%]
tests/test_opentelemetry.py::TestDistributedTracer::test_tracer_custom_endpoints PASSED [ 61%]
tests/test_opentelemetry.py::TestDistributedTracer::test_create_span PASSED [ 62%]
tests/test_opentelemetry.py::TestDistributedTracer::test_create_span_with_parent PASSED [ 62%]
tests/test_opentelemetry.py::TestDistributedTracer::test_trace_request PASSED [ 62%]
tests/test_opentelemetry.py::TestDistributedTracer::test_trace_ai_operation PASSED [ 62%]
tests/test_opentelemetry.py::TestDistributedTracer::test_finish_span PASSED [ 63%]
tests/test_opentelemetry.py::TestDistributedTracer::test_create_tracing_agent PASSED [ 63%]
tests/test_opentelemetry.py::TestDistributedTracer::test_register_tracing_agent PASSED [ 63%]
tests/test_opentelemetry.py::TestDistributedTracer::test_register_tracing_agent_requires_name PASSED [ 63%]
tests/test_opentelemetry.py::TestDistributedTracer::test_get_tracing_analytics PASSED [ 64%]
tests/test_opentelemetry.py::TestDistributedTracer::test_shutdown PASSED [ 64%]
tests/test_opentelemetry.py::TestSpanProcessor::test_processor_initialization PASSED [ 64%]
tests/test_opentelemetry.py::TestSpanProcessor::test_process_spans PASSED [ 64%]
tests/test_opentelemetry.py::TestSpanProcessor::test_processor_start_stop PASSED [ 65%]
tests/test_opentelemetry.py::TestMetricsProcessor::test_processor_initialization PASSED [ 65%]
tests/test_opentelemetry.py::TestMetricsProcessor::test_process_metrics PASSED [ 65%]
tests/test_opentelemetry.py::TestExportLoopProcessor::test_processor_initialization PASSED [ 65%]
tests/test_opentelemetry.py::TestExportLoopProcessor::test_process_with_mock_callback PASSED [ 66%]
tests/test_opentelemetry.py::TestPerformanceAnalyzer::test_analyzer_initialization PASSED [ 66%]
tests/test_opentelemetry.py::TestPerformanceAnalyzer::test_analyze_with_agents PASSED [ 66%]
tests/test_opentelemetry.py::TestOTLPExporter::test_exporter_initialization PASSED [ 67%]
tests/test_opentelemetry.py::TestOTLPExporter::test_export_spans_success PASSED [ 67%]
tests/test_opentelemetry.py::TestOTLPExporter::test_export_spans_failure PASSED [ 67%]
tests/test_opentelemetry.py::TestOTLPExporter::test_export_empty_spans PASSED [ 67%]
tests/test_opentelemetry.py::TestOTLPExporter::test_export_metrics_success PASSED [ 68%]
tests/test_opentelemetry.py::TestJaegerExporter::test_exporter_initialization PASSED [ 68%]
tests/test_opentelemetry.py::TestJaegerExporter::test_export_spans_success PASSED [ 68%]
tests/test_opentelemetry.py::TestJaegerExporter::test_convert_tags PASSED [ 68%]
tests/test_opentelemetry.py::TestJaegerExporter::test_export_metrics_noop PASSED [ 69%]
tests/test_opentelemetry.py::TestExportProcessor::test_processor_initialization PASSED [ 69%]
tests/test_opentelemetry.py::TestExportProcessor::test_add_span PASSED   [ 69%]
tests/test_opentelemetry.py::TestExportProcessor::test_process_export_batch PASSED [ 69%]
tests/test_opentelemetry.py::TestExportProcessor::test_shutdown PASSED   [ 70%]
tests/test_opentelemetry.py::TestBackwardCompatibility::test_distributed_tracer_global_instance PASSED [ 70%]
tests/test_opentelemetry.py::TestBackwardCompatibility::test_create_span_function PASSED [ 70%]
tests/test_opentelemetry.py::TestBackwardCompatibility::test_trace_request_function PASSED [ 70%]
tests/test_opentelemetry.py::TestBackwardCompatibility::test_trace_ai_operation_function PASSED [ 71%]
tests/test_opentelemetry.py::TestBackwardCompatibility::test_get_tracing_analytics_function PASSED [ 71%]
tests/test_opentelemetry.py::TestBackwardCompatibility::test_register_tracing_agent_function PASSED [ 71%]
tests/test_persistence.py::TestPersistence::test_json_store_operations PASSED [ 72%]
tests/test_persistence.py::TestPersistence::test_serialization_helpers PASSED [ 72%]
tests/test_persistence.py::TestPersistence::test_atomic_write_recovery PASSED [ 72%]
tests/test_pr_manager.py::TestPRManager::test_can_auto_merge_logic PASSED [ 72%]
tests/test_pr_manager.py::TestPRManager::test_get_open_prs_mock PASSED   [ 73%]
tests/test_proposal_generator.py::TestProposalGenerator::test_generate_proposal PASSED [ 73%]
tests/test_proposal_generator.py::TestProposalGenerator::test_quick_proposal PASSED [ 73%]
tests/test_proposal_generator.py::TestProposalGenerator::test_save_proposal PASSED [ 73%]
tests/test_quota_engine.py::TestQuotaModel::test_threshold_level_normal PASSED [ 74%]
tests/test_quota_engine.py::TestQuotaModel::test_threshold_level_warning PASSED [ 74%]
tests/test_quota_engine.py::TestQuotaModel::test_threshold_level_critical PASSED [ 74%]
tests/test_quota_engine.py::TestQuotaModel::test_countdown_format_hours PASSED [ 74%]
tests/test_quota_engine.py::TestQuotaModel::test_countdown_format_minutes_only PASSED [ 75%]
tests/test_quota_engine.py::TestQuotaModel::test_countdown_ready PASSED  [ 75%]
tests/test_quota_engine.py::TestQuotaModel::test_status_format_rocket PASSED [ 75%]
tests/test_quota_engine.py::TestQuotaModel::test_status_format_dot PASSED [ 75%]
tests/test_quota_engine.py::TestQuotaModel::test_status_format_dot_percent PASSED [ 76%]
tests/test_quota_engine.py::TestQuotaModel::test_status_format_percent PASSED [ 76%]
tests/test_quota_engine.py::TestQuotaModel::test_status_format_name_percent PASSED [ 76%]
tests/test_quota_engine.py::TestQuotaModel::test_status_format_full PASSED [ 77%]
tests/test_quota_engine.py::TestQuotaModel::test_status_emoji_warning PASSED [ 77%]
tests/test_quota_engine.py::TestQuotaModel::test_status_emoji_critical PASSED [ 77%]
tests/test_quota_engine.py::TestQuotaPool::test_aggregate_remaining PASSED [ 77%]
tests/test_quota_engine.py::TestQuotaPool::test_lowest_model PASSED      [ 78%]
tests/test_quota_engine.py::TestQuotaPool::test_empty_pool PASSED        [ 78%]
tests/test_quota_engine.py::TestQuotaEngine::test_initialization PASSED  [ 78%]
tests/test_quota_engine.py::TestQuotaEngine::test_custom_thresholds PASSED [ 78%]
tests/test_quota_engine.py::TestQuotaEngine::test_get_local_quota_returns_mock PASSED [ 79%]
tests/test_quota_engine.py::TestQuotaEngine::test_get_current_status_structure PASSED [ 79%]
tests/test_quota_engine.py::TestQuotaEngine::test_alerts_detection PASSED [ 79%]
tests/test_quota_engine.py::TestQuotaEngine::test_format_cli_output_full PASSED [ 79%]
tests/test_quota_engine.py::TestQuotaEngine::test_format_cli_output_compact PASSED [ 80%]
tests/test_quota_engine.py::TestQuotaEngine::test_format_cli_output_json PASSED [ 80%]
tests/test_quota_engine.py::TestIntegration::test_full_quota_check_workflow PASSED [ 80%]
tests/test_registry.py::TestRegistry::test_registry_structure PASSED     [ 81%]
tests/test_registry.py::TestRegistry::test_get_command_module PASSED     [ 81%]
tests/test_registry.py::TestRegistry::test_resolve_shortcut PASSED       [ 81%]
tests/test_revenue_engine.py::TestRevenueEngine::test_invoice_lifecycle PASSED [ 81%]
tests/test_revenue_engine.py::TestRevenueEngine::test_arr_calculation PASSED [ 82%]
tests/test_revenue_engine.py::TestRevenueEngine::test_goal_tracking PASSED [ 82%]
tests/test_rules_loader.py::TestRulesLoader::test_rule_mapping_structure PASSED [ 82%]
tests/test_rules_loader.py::TestRulesLoader::test_get_rules_for_agent PASSED [ 82%]
tests/test_rules_loader.py::TestRulesLoader::test_get_rules_for_unknown_agent PASSED [ 83%]
tests/test_rules_loader.py::TestRulesLoader::test_load_rules_content PASSED [ 83%]
tests/test_sales_pipeline.py::TestSalesPipeline::test_deal_lifecycle PASSED [ 83%]
tests/test_sales_pipeline.py::TestSalesPipeline::test_pipeline_stats PASSED [ 83%]
tests/test_skill_loader.py::TestSkillLoader::test_skill_mapping_structure PASSED [ 84%]
tests/test_skill_loader.py::TestSkillLoader::test_get_skills_for_agent PASSED [ 84%]
tests/test_skill_loader.py::TestSkillLoader::test_load_skills_content PASSED [ 84%]
tests/test_telemetry.py::TestTelemetry::test_track_event PASSED          [ 84%]
tests/test_telemetry.py::TestTelemetry::test_usage_stats PASSED          [ 85%]
tests/test_telemetry.py::TestTelemetry::test_persistence PASSED          [ 85%]
tests/test_unified_dashboard.py::TestUnifiedDashboard::test_get_stats PASSED [ 85%]
tests/test_unified_dashboard.py::TestUnifiedDashboard::test_integration_score PASSED [ 86%]
tests/test_vc_metrics.py::TestVCMetrics::test_initialization PASSED      [ 86%]
tests/test_vc_metrics.py::TestVCMetrics::test_ltv_cac_ratio PASSED       [ 86%]
tests/test_vc_metrics.py::TestVCMetrics::test_rule_of_40 PASSED          [ 86%]
tests/test_vc_metrics.py::TestVCMetrics::test_readiness_score PASSED     [ 87%]
tests/test_vc_metrics.py::TestVCMetrics::test_stage_recommendation PASSED [ 87%]
tests/test_vibe_ide.py::TestVIBEIDE::test_create_plan PASSED             [ 87%]
tests/test_vibe_ide.py::TestVIBEIDE::test_todo_management PASSED         [ 87%]
tests/test_vibe_ide.py::TestVIBEIDE::test_list_plans PASSED              [ 88%]
tests/test_vibe_kanban_bridge.py::test_create_task PASSED                [ 88%]
tests/test_vibe_kanban_bridge.py::test_list_tasks PASSED                 [ 88%]
tests/test_vibe_kanban_bridge.py::test_orchestrator_workload PASSED      [ 88%]
tests/test_vibe_kanban_bridge.py::test_missing_token_raises_error PASSED [ 89%]
tests/test_vibe_kanban_bridge.py::test_empty_token_raises_error PASSED   [ 89%]
tests/test_vibe_orchestrator.py::TestVIBEOrchestrator::test_task_creation PASSED [ 89%]
tests/test_vibe_orchestrator.py::TestVIBEOrchestrator::test_sequential_execution PASSED [ 89%]
tests/test_vibe_orchestrator.py::TestVIBEOrchestrator::test_agent_registration PASSED [ 90%]
tests/test_vibe_workflow.py::TestVIBEWorkflow::test_plan_detection PASSED [ 90%]
tests/test_vibe_workflow.py::TestVIBEWorkflow::test_analyze_plan PASSED  [ 90%]
tests/test_vibe_workflow.py::TestVIBEWorkflow::test_task_management PASSED [ 91%]
tests/test_vibe_workflow.py::TestVIBEWorkflow::test_stats_aggregation PASSED [ 91%]
tests/unit/agent_swarm/test_coordinator.py::TestSwarmCoordinator::test_register_agent PASSED [ 91%]
tests/unit/agent_swarm/test_coordinator.py::TestSwarmCoordinator::test_get_metrics PASSED [ 91%]
tests/unit/agent_swarm/test_coordinator.py::TestSwarmCoordinator::test_get_status PASSED [ 92%]
tests/unit/agent_swarm/test_coordinator.py::TestSwarmCoordinator::test_find_best_agent PASSED [ 92%]
tests/unit/agent_swarm/test_engine.py::TestAgentSwarm::test_swarm_initialization PASSED [ 92%]
tests/unit/agent_swarm/test_engine.py::TestAgentSwarm::test_register_agent_delegation PASSED [ 92%]
tests/unit/agent_swarm/test_engine.py::TestAgentSwarm::test_submit_task_delegation PASSED [ 93%]
tests/unit/agent_swarm/test_engine.py::TestAgentSwarm::test_start_stop PASSED [ 93%]
tests/unit/agent_swarm/test_engine.py::TestAgentSwarm::test_get_task_result_delegation PASSED [ 93%]
tests/unit/agent_swarm/test_engine.py::TestAgentSwarm::test_get_metrics_delegation PASSED [ 93%]
tests/unit/agent_swarm/test_engine.py::TestAgentSwarm::test_get_status_delegation PASSED [ 94%]
tests/unit/agent_swarm/test_executor.py::TestTaskExecutor::test_find_best_task_worker PASSED [ 94%]
tests/unit/agent_swarm/test_executor.py::TestTaskExecutor::test_find_best_task_specialist PASSED [ 94%]
tests/unit/agent_swarm/test_executor.py::TestTaskExecutor::test_assign_task PASSED [ 94%]
tests/unit/agent_swarm/test_executor.py::TestTaskExecutor::test_execute_task_success PASSED [ 95%]
tests/unit/agent_swarm/test_executor.py::TestTaskExecutor::test_execute_task_failure PASSED [ 95%]
tests/unit/agent_swarm/test_registry.py::TestAgentRegistry::test_register_agent PASSED [ 95%]
tests/unit/agent_swarm/test_registry.py::TestAgentRegistry::test_get_agent PASSED [ 96%]
tests/unit/agent_swarm/test_registry.py::TestAgentRegistry::test_get_all_agents PASSED [ 96%]
tests/unit/agent_swarm/test_registry.py::TestAgentRegistry::test_get_available_agents PASSED [ 96%]
tests/unit/agent_swarm/test_shortcuts.py::TestShortcuts::test_get_swarm_singleton PASSED [ 96%]
tests/unit/agent_swarm/test_shortcuts.py::TestShortcuts::test_reset_swarm PASSED [ 97%]
tests/unit/agent_swarm/test_shortcuts.py::TestShortcuts::test_register_agent_shortcut PASSED [ 97%]
tests/unit/agent_swarm/test_shortcuts.py::TestShortcuts::test_submit_task_shortcut PASSED [ 97%]
tests/unit/agent_swarm/test_shortcuts.py::TestShortcuts::test_get_task_result_shortcut PASSED [ 97%]
tests/unit/agent_swarm/test_shortcuts.py::TestShortcuts::test_start_stop_shortcuts PASSED [ 98%]
tests/unit/agent_swarm/test_task_manager.py::TestTaskManager::test_submit_task PASSED [ 98%]
tests/unit/agent_swarm/test_task_manager.py::TestTaskManager::test_priority_queueing PASSED [ 98%]
tests/unit/agent_swarm/test_task_manager.py::TestTaskManager::test_get_next_task PASSED [ 98%]
tests/unit/agent_swarm/test_task_manager.py::TestTaskManager::test_pop_next_task PASSED [ 99%]
tests/unit/agent_swarm/test_task_manager.py::TestTaskManager::test_remove_task_from_queue PASSED [ 99%]
tests/unit/agent_swarm/test_task_manager.py::TestTaskManager::test_get_task_result_wait PASSED [ 99%]
tests/unit/agent_swarm/test_task_manager.py::TestTaskManager::test_get_task_result_timeout PASSED [100%]

=================================== FAILURES ===================================
_______________________ TestCRM.test_crm_initialization ________________________
tests/test_core_modules.py:20: in test_crm_initialization
    from core.modules.crm import CRM
E   ModuleNotFoundError: No module named 'core.modules'
_________________________ TestCRM.test_crm_add_contact _________________________
tests/test_core_modules.py:29: in test_crm_add_contact
    from core.modules.crm import CRM
E   ModuleNotFoundError: No module named 'core.modules'
________________________ TestCRM.test_crm_get_hot_leads ________________________
tests/test_core_modules.py:44: in test_crm_get_hot_leads
    from core.modules.crm import CRM
E   ModuleNotFoundError: No module named 'core.modules'
______________________ TestCRM.test_crm_forecast_revenue _______________________
tests/test_core_modules.py:58: in test_crm_forecast_revenue
    from core.modules.crm import CRM
E   ModuleNotFoundError: No module named 'core.modules'
_________________________ TestCRM.test_crm_get_summary _________________________
tests/test_core_modules.py:70: in test_crm_get_summary
    from core.modules.crm import CRM
E   ModuleNotFoundError: No module named 'core.modules'
__________________ TestCRMPresenter.test_format_pipeline_text __________________
tests/test_core_modules.py:84: in test_format_pipeline_text
    from core.modules.crm import CRM, CRMPresenter
E   ModuleNotFoundError: No module named 'core.modules'
=============================== warnings summary ===============================
backend/api/utils/__init__.py:14
  /Users/macbookprom1/mekong-cli/backend/api/utils/__init__.py:14: DeprecationWarning: backend.api.utils.validators is deprecated. Use backend.api.utils.validation_logic instead.
    from .validators import (

backend/api/main.py:22
  /Users/macbookprom1/mekong-cli/backend/api/main.py:22: DeprecationWarning: backend.api.middleware.metrics is deprecated. Use backend.api.middleware.metrics_logic instead.
    from backend.api.middleware.metrics import setup_metrics

backend/api/main.py:25
  /Users/macbookprom1/mekong-cli/backend/api/main.py:25: DeprecationWarning: backend.api.middleware.multitenant is deprecated. Use backend.api.middleware.multitenant_logic instead.
    from backend.api.middleware.multitenant import (

backend/api/main.py:29
  /Users/macbookprom1/mekong-cli/backend/api/main.py:29: DeprecationWarning: backend.api.middleware.rate_limiting is deprecated. Use backend.api.middleware.rate_limit instead.
    from backend.api.middleware.rate_limiting import (

backend/api/schemas/vibe.py:39
  /Users/macbookprom1/mekong-cli/backend/api/schemas/vibe.py:39: PydanticDeprecatedSince20: Support for class-based `config` is deprecated, use ConfigDict instead. Deprecated in Pydantic V2.0 to be removed in V3.0. See Pydantic V2 Migration Guide at https://errors.pydantic.dev/2.12/migration/
    class VibeResponse(BaseModel):

backend/agents/__init__.py:6
  /Users/macbookprom1/mekong-cli/backend/agents/__init__.py:6: DeprecationWarning: backend.agents.community is deprecated. Use backend.agents.community_logic package instead.
    from .community import CommunityAgent, Platform, ScheduledPost

backend/routes/antigravity/demo.py:11
  /Users/macbookprom1/mekong-cli/backend/routes/antigravity/demo.py:11: DeprecationWarning: antigravity.vc.metrics is deprecated. Use antigravity.vc.metrics_logic package instead.
    from antigravity.vc.metrics import FundingStage, VCMetrics

antigravity/core/ab_testing/models.py:30
  /Users/macbookprom1/mekong-cli/antigravity/core/ab_testing/models.py:30: PytestCollectionWarning: cannot collect test class 'TestResult' because it has a __new__ constructor (from: tests/test_ab_testing.py)
    class TestResult(Enum):

../Library/Python/3.9/lib/python/site-packages/sklearn/utils/fixes.py:20
  /Users/macbookprom1/Library/Python/3.9/lib/python/site-packages/sklearn/utils/fixes.py:20: DeprecationWarning: 
  Pyarrow will become a required dependency of pandas in the next major release of pandas (pandas 3.0),
  (to allow more performant data types, such as the Arrow string type, and better interoperability with other libraries)
  but was not found to be installed on your system.
  If this would cause problems for you,
  please provide us feedback at https://github.com/pandas-dev/pandas/issues/54466
          
    import pandas as pd

antigravity/infrastructure/distributed_queue/queue_manager.py:10
  /Users/macbookprom1/mekong-cli/antigravity/infrastructure/distributed_queue/queue_manager.py:10: DeprecationWarning: antigravity.infrastructure.distributed_queue.backends.redis_backend is deprecated. Use antigravity.infrastructure.distributed_queue.backends.redis instead.
    from .backends.redis_backend import RedisBackend

../Library/Python/3.9/lib/python/site-packages/urllib3/__init__.py:35
  /Users/macbookprom1/Library/Python/3.9/lib/python/site-packages/urllib3/__init__.py:35: NotOpenSSLWarning: urllib3 v2 only supports OpenSSL 1.1.1+, currently the 'ssl' module is compiled with 'LibreSSL 2.8.3'. See: https://github.com/urllib3/urllib3/issues/3020
    warnings.warn(

antigravity/infrastructure/opentelemetry/tracer/agent_manager.py:32
  /Users/macbookprom1/mekong-cli/antigravity/infrastructure/opentelemetry/tracer/agent_manager.py:32: DeprecationWarning: antigravity.infrastructure.opentelemetry.tracing_agent is deprecated. Use antigravity.infrastructure.opentelemetry.agent_logic instead.
    from ..tracing_agent import TracingAgent

antigravity/core/registry/__init__.py:24
  /Users/macbookprom1/mekong-cli/antigravity/core/registry/__init__.py:24: DeprecationWarning: antigravity.core.registry.commands is deprecated. Use antigravity.core.registry.store instead.
    from .commands import COMMAND_REGISTRY, SHORTCUTS

tests/test_vibe_kanban_bridge.py:5
  /Users/macbookprom1/mekong-cli/tests/test_vibe_kanban_bridge.py:5: DeprecationWarning: antigravity.vibe_kanban_bridge is deprecated. Use antigravity.bridge package instead.
    from antigravity.vibe_kanban_bridge import AgentOrchestrator, VibeBoardClient

tests/integration/test_refactored.py::test_ai_wingman
  /Users/macbookprom1/Library/Python/3.9/lib/python/site-packages/_pytest/python.py:161: PytestReturnNotNoneWarning: Test functions should return None, but tests/integration/test_refactored.py::test_ai_wingman returned <class 'bool'>.
  Did you mean to use `assert` instead of `return`?
  See https://docs.pytest.org/en/stable/how-to/assert.html#return-not-none for more information.
    warnings.warn(

tests/integration/test_refactored.py::test_client_portal
  /Users/macbookprom1/Library/Python/3.9/lib/python/site-packages/_pytest/python.py:161: PytestReturnNotNoneWarning: Test functions should return None, but tests/integration/test_refactored.py::test_client_portal returned <class 'bool'>.
  Did you mean to use `assert` instead of `return`?
  See https://docs.pytest.org/en/stable/how-to/assert.html#return-not-none for more information.
    warnings.warn(

tests/integration/test_refactored.py::test_analytics
  /Users/macbookprom1/Library/Python/3.9/lib/python/site-packages/_pytest/python.py:161: PytestReturnNotNoneWarning: Test functions should return None, but tests/integration/test_refactored.py::test_analytics returned <class 'bool'>.
  Did you mean to use `assert` instead of `return`?
  See https://docs.pytest.org/en/stable/how-to/assert.html#return-not-none for more information.
    warnings.warn(

tests/integration/test_services.py::test_service_imports
  /Users/macbookprom1/Library/Python/3.9/lib/python/site-packages/_pytest/python.py:161: PytestReturnNotNoneWarning: Test functions should return None, but tests/integration/test_services.py::test_service_imports returned <class 'bool'>.
  Did you mean to use `assert` instead of `return`?
  See https://docs.pytest.org/en/stable/how-to/assert.html#return-not-none for more information.
    warnings.warn(

tests/integration/test_services.py::test_repository_imports
  /Users/macbookprom1/Library/Python/3.9/lib/python/site-packages/_pytest/python.py:161: PytestReturnNotNoneWarning: Test functions should return None, but tests/integration/test_services.py::test_repository_imports returned <class 'bool'>.
  Did you mean to use `assert` instead of `return`?
  See https://docs.pytest.org/en/stable/how-to/assert.html#return-not-none for more information.
    warnings.warn(

tests/integration/test_services.py::test_presenter_imports
  /Users/macbookprom1/Library/Python/3.9/lib/python/site-packages/_pytest/python.py:161: PytestReturnNotNoneWarning: Test functions should return None, but tests/integration/test_services.py::test_presenter_imports returned <class 'bool'>.
  Did you mean to use `assert` instead of `return`?
  See https://docs.pytest.org/en/stable/how-to/assert.html#return-not-none for more information.
    warnings.warn(

tests/integration/test_services.py::test_basic_functionality
  /Users/macbookprom1/Library/Python/3.9/lib/python/site-packages/_pytest/python.py:161: PytestReturnNotNoneWarning: Test functions should return None, but tests/integration/test_services.py::test_basic_functionality returned <class 'bool'>.
  Did you mean to use `assert` instead of `return`?
  See https://docs.pytest.org/en/stable/how-to/assert.html#return-not-none for more information.
    warnings.warn(

-- Docs: https://docs.pytest.org/en/stable/how-to/capture-warnings.html
=========================== short test summary info ============================
FAILED tests/test_core_modules.py::TestCRM::test_crm_initialization - ModuleN...
FAILED tests/test_core_modules.py::TestCRM::test_crm_add_contact - ModuleNotF...
FAILED tests/test_core_modules.py::TestCRM::test_crm_get_hot_leads - ModuleNo...
FAILED tests/test_core_modules.py::TestCRM::test_crm_forecast_revenue - Modul...
FAILED tests/test_core_modules.py::TestCRM::test_crm_get_summary - ModuleNotF...
FAILED tests/test_core_modules.py::TestCRMPresenter::test_format_pipeline_text
================= 6 failed, 373 passed, 21 warnings in 11.53s ==================
